npm http fetch GET 200 https://registry.npmmirror.com/electron 453ms (cache miss)
npm http fetch GET 200 https://registry.npmmirror.com/extract-zip 46ms (cache miss)
npm http fetch GET 200 https://registry.npmmirror.com/@electron%2fget 172ms (cache miss)
npm http fetch GET 200 https://registry.npmmirror.com/@types%2fnode 578ms (cache miss)
npm http fetch GET 200 https://registry.npmmirror.com/debug 41ms (cache miss)
npm http fetch GET 200 https://registry.npmmirror.com/env-paths 48ms (cache miss)
npm http fetch GET 200 https://registry.npmmirror.com/got 83ms (cache miss)
npm http fetch GET 200 https://registry.npmmirror.com/progress 98ms (cache miss)
npm http fetch GET 200 https://registry.npmmirror.com/sumchecker 101ms (cache miss)
npm http fetch GET 200 https://registry.npmmirror.com/@types%2fyauzl 126ms (cache miss)
npm http fetch GET 200 https://registry.npmmirror.com/global-agent 132ms (cache miss)
npm http fetch GET 200 https://registry.npmmirror.com/get-stream 148ms (cache miss)
npm http fetch GET 200 https://registry.npmmirror.com/fs-extra 153ms (cache miss)
npm http fetch GET 200 https://registry.npmmirror.com/semver 160ms (cache miss)
npm http fetch GET 200 https://registry.npmmirror.com/yauzl 163ms (cache miss)
npm http fetch GET 200 https://registry.npmmirror.com/undici-types 173ms (cache miss)
npm http fetch GET https://registry.npmmirror.com/debug attempt 1 failed with ETIMEDOUT
npm http fetch GET 200 https://registry.npmmirror.com/debug 31117ms attempt #2 (cache miss)
npm http fetch GET 200 https://registry.npmmirror.com/ms 69ms (cache miss)
npm http fetch GET 200 https://registry.npmmirror.com/@types%2fcacheable-request 78ms (cache miss)
npm http fetch GET 200 https://registry.npmmirror.com/jsonfile 80ms (cache miss)
npm http fetch GET 200 https://registry.npmmirror.com/es6-error 80ms (cache miss)
npm http fetch GET 200 https://registry.npmmirror.com/universalify 82ms (cache miss)
npm http fetch GET 200 https://registry.npmmirror.com/matcher 97ms (cache miss)
npm http fetch GET 200 https://registry.npmmirror.com/graceful-fs 99ms (cache miss)
npm http fetch GET 200 https://registry.npmmirror.com/cacheable-lookup 103ms (cache miss)
npm http fetch GET 200 https://registry.npmmirror.com/boolean 119ms (cache miss)
npm http fetch GET 200 https://registry.npmmirror.com/@sindresorhus%2fis 123ms (cache miss)
npm http fetch GET 200 https://registry.npmmirror.com/decompress-response 141ms (cache miss)
npm http fetch GET 200 https://registry.npmmirror.com/serialize-error 145ms (cache miss)
npm http fetch GET 200 https://registry.npmmirror.com/http2-wrapper 154ms (cache miss)
npm http fetch GET 200 https://registry.npmmirror.com/p-cancelable 155ms (cache miss)
npm http fetch GET 200 https://registry.npmmirror.com/responselike 93ms (cache miss)
npm http fetch GET 200 https://registry.npmmirror.com/lowercase-keys 163ms (cache miss)
npm http fetch GET 200 https://registry.npmmirror.com/@types%2fresponselike 168ms (cache miss)
npm http fetch GET 200 https://registry.npmmirror.com/roarr 171ms (cache miss)
npm http fetch GET 200 https://registry.npmmirror.com/@szmarczak%2fhttp-timer 179ms (cache miss)
npm http fetch GET 200 https://registry.npmmirror.com/cacheable-request 179ms (cache miss)
npm http fetch GET 200 https://registry.npmmirror.com/pump 54ms (cache miss)
npm http fetch GET 200 https://registry.npmmirror.com/buffer-crc32 56ms (cache miss)
npm http fetch GET 200 https://registry.npmmirror.com/fd-slicer 60ms (cache miss)
npm http fetch GET 200 https://registry.npmmirror.com/once 41ms (cache miss)
npm http fetch GET 200 https://registry.npmmirror.com/end-of-stream 57ms (cache miss)
npm http fetch GET 200 https://registry.npmmirror.com/escape-string-regexp 45ms (cache miss)
npm http fetch GET 200 https://registry.npmmirror.com/sprintf-js 46ms (cache miss)
npm http fetch GET 200 https://registry.npmmirror.com/json-stringify-safe 54ms (cache miss)
npm http fetch GET 200 https://registry.npmmirror.com/semver-compare 58ms (cache miss)
npm http fetch GET 200 https://registry.npmmirror.com/detect-node 59ms (cache miss)
npm http fetch GET 200 https://registry.npmmirror.com/globalthis 65ms (cache miss)
npm http fetch GET 200 https://registry.npmmirror.com/type-fest 97ms (cache miss)
npm http fetch GET 200 https://registry.npmmirror.com/@types%2fkeyv 70ms (cache miss)
npm http fetch GET 200 https://registry.npmmirror.com/@types%2fhttp-cache-semantics 75ms (cache miss)
npm http fetch GET 200 https://registry.npmmirror.com/resolve-alpn 76ms (cache miss)
npm http fetch GET 200 https://registry.npmmirror.com/clone-response 80ms (cache miss)
npm http fetch GET 200 https://registry.npmmirror.com/mimic-response 81ms (cache miss)
npm http fetch GET 200 https://registry.npmmirror.com/quick-lru 82ms (cache miss)
npm http fetch GET 200 https://registry.npmmirror.com/defer-to-connect 85ms (cache miss)
npm http fetch GET 200 https://registry.npmmirror.com/http-cache-semantics 86ms (cache miss)
npm http fetch GET 200 https://registry.npmmirror.com/normalize-url 90ms (cache miss)
npm http fetch GET 200 https://registry.npmmirror.com/keyv 100ms (cache miss)
npm http fetch GET 200 https://registry.npmmirror.com/json-buffer 58ms (cache miss)
npm http fetch GET 200 https://registry.npmmirror.com/wrappy 51ms (cache miss)
npm http fetch GET 200 https://registry.npmmirror.com/gopd 35ms (cache miss)
npm http fetch GET 200 https://registry.npmmirror.com/define-properties 60ms (cache miss)
npm http fetch GET 200 https://registry.npmmirror.com/object-keys 59ms (cache miss)
npm http fetch GET 200 https://registry.npmmirror.com/has-property-descriptors 62ms (cache miss)
npm http fetch GET 200 https://registry.npmmirror.com/define-data-property 62ms (cache miss)
npm http fetch GET 200 https://registry.npmmirror.com/es-errors 42ms (cache miss)
npm http fetch GET 200 https://registry.npmmirror.com/es-define-property 45ms (cache miss)
npm http fetch GET 200 https://registry.npmmirror.com/es-define-property 74ms (cache miss)
npm http fetch GET 200 https://registry.npmmirror.com/pend 37ms (cache miss)
npm http cache type-fest@https://registry.npmmirror.com/type-fest/-/type-fest-0.13.1.tgz 1ms (cache hit)
npm http cache buffer-crc32@https://registry.npmmirror.com/buffer-crc32/-/buffer-crc32-0.2.13.tgz 0ms (cache hit)
npm http cache fd-slicer@https://registry.npmmirror.com/fd-slicer/-/fd-slicer-1.1.0.tgz 0ms (cache hit)
npm http cache pend@https://registry.npmmirror.com/pend/-/pend-1.2.0.tgz 0ms (cache hit)
npm http cache gopd@https://registry.npmmirror.com/gopd/-/gopd-1.2.0.tgz 0ms (cache hit)
npm http cache es-define-property@https://registry.npmmirror.com/es-define-property/-/es-define-property-1.0.1.tgz 0ms (cache hit)
npm http cache es-errors@https://registry.npmmirror.com/es-errors/-/es-errors-1.3.0.tgz 0ms (cache hit)
npm http cache has-property-descriptors@https://registry.npmmirror.com/has-property-descriptors/-/has-property-descriptors-1.0.2.tgz 0ms (cache hit)
npm http cache object-keys@https://registry.npmmirror.com/object-keys/-/object-keys-1.1.1.tgz 0ms (cache hit)
npm http cache define-data-property@https://registry.npmmirror.com/define-data-property/-/define-data-property-1.1.4.tgz 0ms (cache hit)
npm http cache detect-node@https://registry.npmmirror.com/detect-node/-/detect-node-2.1.0.tgz 0ms (cache hit)
npm http cache wrappy@https://registry.npmmirror.com/wrappy/-/wrappy-1.0.2.tgz 0ms (cache hit)
npm http cache define-properties@https://registry.npmmirror.com/define-properties/-/define-properties-1.2.1.tgz 0ms (cache hit)
npm http cache end-of-stream@https://registry.npmmirror.com/end-of-stream/-/end-of-stream-1.4.5.tgz 0ms (cache hit)
npm http cache json-stringify-safe@https://registry.npmmirror.com/json-stringify-safe/-/json-stringify-safe-5.0.1.tgz 0ms (cache hit)
npm http cache resolve-alpn@https://registry.npmmirror.com/resolve-alpn/-/resolve-alpn-1.2.1.tgz 0ms (cache hit)
npm http cache sprintf-js@https://registry.npmmirror.com/sprintf-js/-/sprintf-js-1.1.3.tgz 0ms (cache hit)
npm http cache once@https://registry.npmmirror.com/once/-/once-1.4.0.tgz 0ms (cache hit)
npm http cache semver-compare@https://registry.npmmirror.com/semver-compare/-/semver-compare-1.0.0.tgz 0ms (cache hit)
npm http cache json-buffer@https://registry.npmmirror.com/json-buffer/-/json-buffer-3.0.1.tgz 0ms (cache hit)
npm http cache globalthis@https://registry.npmmirror.com/globalthis/-/globalthis-1.0.4.tgz 0ms (cache hit)
npm http cache escape-string-regexp@https://registry.npmmirror.com/escape-string-regexp/-/escape-string-regexp-4.0.0.tgz 0ms (cache hit)
npm http cache clone-response@https://registry.npmmirror.com/clone-response/-/clone-response-1.0.3.tgz 0ms (cache hit)
npm http cache quick-lru@https://registry.npmmirror.com/quick-lru/-/quick-lru-5.1.1.tgz 0ms (cache hit)
npm http cache normalize-url@https://registry.npmmirror.com/normalize-url/-/normalize-url-6.1.0.tgz 0ms (cache hit)
npm http cache defer-to-connect@https://registry.npmmirror.com/defer-to-connect/-/defer-to-connect-2.0.1.tgz 0ms (cache hit)
npm http cache mimic-response@https://registry.npmmirror.com/mimic-response/-/mimic-response-1.0.1.tgz 0ms (cache hit)
npm http cache @types/http-cache-semantics@https://registry.npmmirror.com/@types/http-cache-semantics/-/http-cache-semantics-4.2.0.tgz 0ms (cache hit)
npm http cache http-cache-semantics@https://registry.npmmirror.com/http-cache-semantics/-/http-cache-semantics-4.2.0.tgz 0ms (cache hit)
npm http cache responselike@https://registry.npmmirror.com/responselike/-/responselike-2.0.1.tgz 0ms (cache hit)
npm http cache lowercase-keys@https://registry.npmmirror.com/lowercase-keys/-/lowercase-keys-2.0.0.tgz 0ms (cache hit)
npm http cache keyv@https://registry.npmmirror.com/keyv/-/keyv-4.5.4.tgz 0ms (cache hit)
npm http cache cacheable-lookup@https://registry.npmmirror.com/cacheable-lookup/-/cacheable-lookup-5.0.4.tgz 0ms (cache hit)
npm http cache http2-wrapper@https://registry.npmmirror.com/http2-wrapper/-/http2-wrapper-1.0.3.tgz 0ms (cache hit)
npm http cache cacheable-request@https://registry.npmmirror.com/cacheable-request/-/cacheable-request-7.0.4.tgz 0ms (cache hit)
npm http cache serialize-error@https://registry.npmmirror.com/serialize-error/-/serialize-error-7.0.1.tgz 0ms (cache hit)
npm http cache @types/responselike@https://registry.npmmirror.com/@types/responselike/-/responselike-1.0.3.tgz 0ms (cache hit)
npm http cache decompress-response@https://registry.npmmirror.com/decompress-response/-/decompress-response-6.0.0.tgz 0ms (cache hit)
npm http cache @sindresorhus/is@https://registry.npmmirror.com/@sindresorhus/is/-/is-4.6.0.tgz 0ms (cache hit)
npm http cache p-cancelable@https://registry.npmmirror.com/p-cancelable/-/p-cancelable-2.1.1.tgz 0ms (cache hit)
npm http cache @szmarczak/http-timer@https://registry.npmmirror.com/@szmarczak/http-timer/-/http-timer-4.0.6.tgz 0ms (cache hit)
npm http cache @types/keyv@https://registry.npmmirror.com/@types/keyv/-/keyv-3.1.4.tgz 0ms (cache hit)
npm http cache roarr@https://registry.npmmirror.com/roarr/-/roarr-2.15.4.tgz 0ms (cache hit)
npm http cache @types/cacheable-request@https://registry.npmmirror.com/@types/cacheable-request/-/cacheable-request-6.0.3.tgz 0ms (cache hit)
npm http cache matcher@https://registry.npmmirror.com/matcher/-/matcher-3.0.0.tgz 0ms (cache hit)
npm http cache es6-error@https://registry.npmmirror.com/es6-error/-/es6-error-4.1.1.tgz 0ms (cache hit)
npm http cache universalify@https://registry.npmmirror.com/universalify/-/universalify-0.1.2.tgz 0ms (cache hit)
npm http cache jsonfile@https://registry.npmmirror.com/jsonfile/-/jsonfile-4.0.0.tgz 0ms (cache hit)
npm http cache pump@https://registry.npmmirror.com/pump/-/pump-3.0.4.tgz 0ms (cache hit)
npm http cache yauzl@https://registry.npmmirror.com/yauzl/-/yauzl-2.10.0.tgz 0ms (cache hit)
npm http cache ms@https://registry.npmmirror.com/ms/-/ms-2.1.3.tgz 0ms (cache hit)
npm http cache graceful-fs@https://registry.npmmirror.com/graceful-fs/-/graceful-fs-4.2.11.tgz 0ms (cache hit)
npm http cache boolean@https://registry.npmmirror.com/boolean/-/boolean-3.2.0.tgz 0ms (cache hit)
npm http cache sumchecker@https://registry.npmmirror.com/sumchecker/-/sumchecker-3.0.1.tgz 0ms (cache hit)
npm http cache get-stream@https://registry.npmmirror.com/get-stream/-/get-stream-5.2.0.tgz 0ms (cache hit)
npm http cache undici-types@https://registry.npmmirror.com/undici-types/-/undici-types-5.26.5.tgz 0ms (cache hit)
npm http cache got@https://registry.npmmirror.com/got/-/got-11.8.6.tgz 0ms (cache hit)
npm http cache progress@https://registry.npmmirror.com/progress/-/progress-2.0.3.tgz 0ms (cache hit)
npm http cache fs-extra@https://registry.npmmirror.com/fs-extra/-/fs-extra-8.1.0.tgz 0ms (cache hit)
npm http cache semver@https://registry.npmmirror.com/semver/-/semver-6.3.1.tgz 0ms (cache hit)
npm http cache @types/yauzl@https://registry.npmmirror.com/@types/yauzl/-/yauzl-2.10.3.tgz 0ms (cache hit)
npm http cache debug@https://registry.npmmirror.com/debug/-/debug-4.4.3.tgz 0ms (cache hit)
npm http cache extract-zip@https://registry.npmmirror.com/extract-zip/-/extract-zip-2.0.1.tgz 0ms (cache hit)
npm http cache @electron/get@https://registry.npmmirror.com/@electron/get/-/get-2.0.3.tgz 0ms (cache hit)
npm http cache global-agent@https://registry.npmmirror.com/global-agent/-/global-agent-3.0.0.tgz 0ms (cache hit)
npm http cache @types/node@https://registry.npmmirror.com/@types/node/-/node-18.19.130.tgz 0ms (cache hit)
npm http cache env-paths@https://registry.npmmirror.com/env-paths/-/env-paths-2.2.1.tgz 0ms (cache hit)
npm http cache electron@https://registry.npmmirror.com/electron/-/electron-25.7.0.tgz 0ms (cache hit)
npm http cache mimic-response@https://registry.npmmirror.com/mimic-response/-/mimic-response-3.1.0.tgz 0ms (cache hit)
npm http cache semver@https://registry.npmmirror.com/semver/-/semver-7.8.5.tgz 0ms (cache hit)
npm http fetch POST 404 https://registry.npmmirror.com/-/npm/v1/security/advisories/bulk 35ms
npm http fetch POST 404 https://registry.npmmirror.com/-/npm/v1/security/audits/quick 31ms
npm warn deprecated boolean@3.2.0: Package no longer supported. Contact Support at https://www.npmjs.com/support for more info.

added 70 packages in 1m

17 packages are looking for funding
  run `npm fund` for details
EXITCODE=0
BINARY_FOUND
